Archive member included because of file (symbol)

/usr/local/CrossPack-AVR-20100115/lib/gcc/avr/4.3.3/avr4/libgcc.a(_udivmodqi4.o)
                              pedro.o (__udivmodqi4)
/usr/local/CrossPack-AVR-20100115/lib/gcc/avr/4.3.3/avr4/libgcc.a(_divmodhi4.o)
                              pedro.o (__divmodhi4)
/usr/local/CrossPack-AVR-20100115/lib/gcc/avr/4.3.3/avr4/libgcc.a(_prologue.o)
                              pedro.o (__prologue_saves__)
/usr/local/CrossPack-AVR-20100115/lib/gcc/avr/4.3.3/avr4/libgcc.a(_epilogue.o)
                              pedro.o (__epilogue_restores__)
/usr/local/CrossPack-AVR-20100115/lib/gcc/avr/4.3.3/avr4/libgcc.a(_exit.o)
                              /usr/local/CrossPack-AVR-20100115/lib/gcc/avr/4.3.3/../../../../avr/lib/avr4/crtm8.o (exit)
/usr/local/CrossPack-AVR-20100115/lib/gcc/avr/4.3.3/avr4/libgcc.a(_copy_data.o)
                              pedro.o (__do_copy_data)
/usr/local/CrossPack-AVR-20100115/lib/gcc/avr/4.3.3/avr4/libgcc.a(_clear_bss.o)
                              pedro.o (__do_clear_bss)
/usr/local/CrossPack-AVR-20100115/lib/gcc/avr/4.3.3/avr4/libgcc.a(_udivmodhi4.o)
                              /usr/local/CrossPack-AVR-20100115/lib/gcc/avr/4.3.3/avr4/libgcc.a(_divmodhi4.o) (__udivmodhi4)

Allocating common symbols
Common symbol       size              file

rxbc                0x1               pedro.o
LastB               0x4               pedro.o
A                   0x4               pedro.o
pos                 0x4               pedro.o
mmmb                0x1               pedro.o
rxDelayedIndex      0x1               pedro.o
stepCount1          0x1               pedro.o
B                   0x4               pedro.o
tail                0x1               pedro.o
head                0x1               pedro.o
currentCommand      0x5               pedro.o
rxDelayedNoCommands
                    0x1               pedro.o
rxDelayedCounter    0x1               pedro.o
rxBuffer            0xb4              pedro.o
count               0x1               pedro.o
delayTime           0x1               pedro.o
stepCount2          0x1               pedro.o
doDelayedBuffer     0x1               pedro.o
rxDelayedBuffer     0xb4              pedro.o
inDelimiter         0x1               pedro.o
onP                 0x1               pedro.o
nextLineFlag        0x1               pedro.o

Memory Configuration

Name             Origin             Length             Attributes
text             0x00000000         0x00002000         xr
data             0x00800060         0x0000ffa0         rw !x
eeprom           0x00810000         0x00010000         rw !x
fuse             0x00820000         0x00000400         rw !x
lock             0x00830000         0x00000400         rw !x
signature        0x00840000         0x00000400         rw !x
*default*        0x00000000         0xffffffff

Linker script and memory map

LOAD /usr/local/CrossPack-AVR-20100115/lib/gcc/avr/4.3.3/../../../../avr/lib/avr4/crtm8.o
LOAD pedro.o
LOAD /usr/local/CrossPack-AVR-20100115/lib/gcc/avr/4.3.3/avr4/libgcc.a
LOAD /usr/local/CrossPack-AVR-20100115/lib/gcc/avr/4.3.3/../../../../avr/lib/avr4/libc.a
LOAD /usr/local/CrossPack-AVR-20100115/lib/gcc/avr/4.3.3/avr4/libgcc.a

.hash
 *(.hash)

.dynsym
 *(.dynsym)

.dynstr
 *(.dynstr)

.gnu.version
 *(.gnu.version)

.gnu.version_d
 *(.gnu.version_d)

.gnu.version_r
 *(.gnu.version_r)

.rel.init
 *(.rel.init)

.rela.init
 *(.rela.init)

.rel.text
 *(.rel.text)
 *(.rel.text.*)
 *(.rel.gnu.linkonce.t*)

.rela.text
 *(.rela.text)
 *(.rela.text.*)
 *(.rela.gnu.linkonce.t*)

.rel.fini
 *(.rel.fini)

.rela.fini
 *(.rela.fini)

.rel.rodata
 *(.rel.rodata)
 *(.rel.rodata.*)
 *(.rel.gnu.linkonce.r*)

.rela.rodata
 *(.rela.rodata)
 *(.rela.rodata.*)
 *(.rela.gnu.linkonce.r*)

.rel.data
 *(.rel.data)
 *(.rel.data.*)
 *(.rel.gnu.linkonce.d*)

.rela.data
 *(.rela.data)
 *(.rela.data.*)
 *(.rela.gnu.linkonce.d*)

.rel.ctors
 *(.rel.ctors)

.rela.ctors
 *(.rela.ctors)

.rel.dtors
 *(.rel.dtors)

.rela.dtors
 *(.rela.dtors)

.rel.got
 *(.rel.got)

.rela.got
 *(.rela.got)

.rel.bss
 *(.rel.bss)

.rela.bss
 *(.rela.bss)

.rel.plt
 *(.rel.plt)

.rela.plt
 *(.rela.plt)

.text           0x00000000      0x9e0
 *(.vectors)
 .vectors       0x00000000       0x26 /usr/local/CrossPack-AVR-20100115/lib/gcc/avr/4.3.3/../../../../avr/lib/avr4/crtm8.o
                0x00000000                __vectors
                0x00000000                __vector_default
 *(.vectors)
 *(.progmem.gcc*)
 .progmem.gcc_sw_table
                0x00000026       0x10 pedro.o
 *(.progmem*)
                0x00000036                . = ALIGN (0x2)
                0x00000036                __trampolines_start = .
 *(.trampolines)
 .trampolines   0x00000036        0x0 linker stubs
 *(.trampolines*)
                0x00000036                __trampolines_end = .
 *(.jumptables)
 *(.jumptables*)
 *(.lowtext)
 *(.lowtext*)
                0x00000036                __ctors_start = .
 *(.ctors)
                0x00000036                __ctors_end = .
                0x00000036                __dtors_start = .
 *(.dtors)
                0x00000036                __dtors_end = .
 SORT(*)(.ctors)
 SORT(*)(.dtors)
 *(.init0)
 .init0         0x00000036        0x0 /usr/local/CrossPack-AVR-20100115/lib/gcc/avr/4.3.3/../../../../avr/lib/avr4/crtm8.o
                0x00000036                __init
 *(.init0)
 *(.init1)
 *(.init1)
 *(.init2)
 .init2         0x00000036        0xc /usr/local/CrossPack-AVR-20100115/lib/gcc/avr/4.3.3/../../../../avr/lib/avr4/crtm8.o
 *(.init2)
 *(.init3)
 *(.init3)
 *(.init4)
 .init4         0x00000042       0x16 /usr/local/CrossPack-AVR-20100115/lib/gcc/avr/4.3.3/avr4/libgcc.a(_copy_data.o)
                0x00000042                __do_copy_data
 .init4         0x00000058       0x10 /usr/local/CrossPack-AVR-20100115/lib/gcc/avr/4.3.3/avr4/libgcc.a(_clear_bss.o)
                0x00000058                __do_clear_bss
 *(.init4)
 *(.init5)
 *(.init5)
 *(.init6)
 *(.init6)
 *(.init7)
 *(.init7)
 *(.init8)
 *(.init8)
 *(.init9)
 .init9         0x00000068        0x4 /usr/local/CrossPack-AVR-20100115/lib/gcc/avr/4.3.3/../../../../avr/lib/avr4/crtm8.o
 *(.init9)
 *(.text)
 .text          0x0000006c        0x2 /usr/local/CrossPack-AVR-20100115/lib/gcc/avr/4.3.3/../../../../avr/lib/avr4/crtm8.o
                0x0000006c                __vector_1
                0x0000006c                __vector_12
                0x0000006c                __bad_interrupt
                0x0000006c                __vector_6
                0x0000006c                __vector_3
                0x0000006c                __vector_13
                0x0000006c                __vector_17
                0x0000006c                __vector_7
                0x0000006c                __vector_5
                0x0000006c                __vector_4
                0x0000006c                __vector_9
                0x0000006c                __vector_2
                0x0000006c                __vector_15
                0x0000006c                __vector_8
                0x0000006c                __vector_14
                0x0000006c                __vector_10
                0x0000006c                __vector_16
                0x0000006c                __vector_18
 .text          0x0000006e      0x89a pedro.o
                0x000000b4                rxBufferDiscard
                0x00000854                initUSART
                0x000001e6                decodeNext
                0x00000830                movePenUp
                0x0000047a                moveRel
                0x0000047c                sendPos
                0x00000890                initTimers
                0x000001ba                addToDelayedBuffer
                0x0000083c                swap16
                0x0000006e                rxBufferSize
                0x0000031c                executeDelayedBuffer
                0x00000108                __vector_11
                0x0000030c                delayedBufferPeek
                0x00000836                movePenDown
                0x00000150                dumpBuffer
                0x0000088c                initPen
                0x00000868                initMotors
                0x00000524                wakeMotors
                0x00000094                rxBufferPeek
                0x000008a4                main
                0x0000081c                delay_ms
                0x0000051e                sleepMotors
                0x00000514                sendUSART
                0x000005f6                lineTo
                0x000000d2                rxBufferPush
                0x0000058c                moveHalfStep
                0x0000051c                setMotors
                0x00000818                moveAbs
                0x000004b6                send16
                0x0000052a                changeStep
 .text          0x00000908        0x0 /usr/local/CrossPack-AVR-20100115/lib/gcc/avr/4.3.3/avr4/libgcc.a(_udivmodqi4.o)
 .text          0x00000908        0x0 /usr/local/CrossPack-AVR-20100115/lib/gcc/avr/4.3.3/avr4/libgcc.a(_divmodhi4.o)
 .text          0x00000908        0x0 /usr/local/CrossPack-AVR-20100115/lib/gcc/avr/4.3.3/avr4/libgcc.a(_prologue.o)
 .text          0x00000908        0x0 /usr/local/CrossPack-AVR-20100115/lib/gcc/avr/4.3.3/avr4/libgcc.a(_epilogue.o)
 .text          0x00000908        0x0 /usr/local/CrossPack-AVR-20100115/lib/gcc/avr/4.3.3/avr4/libgcc.a(_exit.o)
 .text          0x00000908        0x0 /usr/local/CrossPack-AVR-20100115/lib/gcc/avr/4.3.3/avr4/libgcc.a(_copy_data.o)
 .text          0x00000908        0x0 /usr/local/CrossPack-AVR-20100115/lib/gcc/avr/4.3.3/avr4/libgcc.a(_clear_bss.o)
 .text          0x00000908        0x0 /usr/local/CrossPack-AVR-20100115/lib/gcc/avr/4.3.3/avr4/libgcc.a(_udivmodhi4.o)
                0x00000908                . = ALIGN (0x2)
 *(.text.*)
 .text.libgcc   0x00000908       0x18 /usr/local/CrossPack-AVR-20100115/lib/gcc/avr/4.3.3/avr4/libgcc.a(_udivmodqi4.o)
                0x00000908                __udivmodqi4
 .text.libgcc   0x00000920       0x26 /usr/local/CrossPack-AVR-20100115/lib/gcc/avr/4.3.3/avr4/libgcc.a(_divmodhi4.o)
                0x00000920                __divmodhi4
                0x00000920                _div
 .text.libgcc   0x00000946       0x38 /usr/local/CrossPack-AVR-20100115/lib/gcc/avr/4.3.3/avr4/libgcc.a(_prologue.o)
                0x00000946                __prologue_saves__
 .text.libgcc   0x0000097e       0x36 /usr/local/CrossPack-AVR-20100115/lib/gcc/avr/4.3.3/avr4/libgcc.a(_epilogue.o)
                0x0000097e                __epilogue_restores__
 .text.libgcc   0x000009b4        0x0 /usr/local/CrossPack-AVR-20100115/lib/gcc/avr/4.3.3/avr4/libgcc.a(_exit.o)
 .text.libgcc   0x000009b4        0x0 /usr/local/CrossPack-AVR-20100115/lib/gcc/avr/4.3.3/avr4/libgcc.a(_copy_data.o)
 .text.libgcc   0x000009b4        0x0 /usr/local/CrossPack-AVR-20100115/lib/gcc/avr/4.3.3/avr4/libgcc.a(_clear_bss.o)
 .text.libgcc   0x000009b4       0x28 /usr/local/CrossPack-AVR-20100115/lib/gcc/avr/4.3.3/avr4/libgcc.a(_udivmodhi4.o)
                0x000009b4                __udivmodhi4
                0x000009dc                . = ALIGN (0x2)
 *(.fini9)
 .fini9         0x000009dc        0x0 /usr/local/CrossPack-AVR-20100115/lib/gcc/avr/4.3.3/avr4/libgcc.a(_exit.o)
                0x000009dc                exit
                0x000009dc                _exit
 *(.fini9)
 *(.fini8)
 *(.fini8)
 *(.fini7)
 *(.fini7)
 *(.fini6)
 *(.fini6)
 *(.fini5)
 *(.fini5)
 *(.fini4)
 *(.fini4)
 *(.fini3)
 *(.fini3)
 *(.fini2)
 *(.fini2)
 *(.fini1)
 *(.fini1)
 *(.fini0)
 .fini0         0x000009dc        0x4 /usr/local/CrossPack-AVR-20100115/lib/gcc/avr/4.3.3/avr4/libgcc.a(_exit.o)
 *(.fini0)
                0x000009e0                _etext = .

.data           0x00800060        0x2 load address 0x000009e0
                0x00800060                PROVIDE (__data_start, .)
 *(.data)
 .data          0x00800060        0x0 /usr/local/CrossPack-AVR-20100115/lib/gcc/avr/4.3.3/../../../../avr/lib/avr4/crtm8.o
 .data          0x00800060        0x2 pedro.o
                0x00800061                done
                0x00800060                nextPos
 .data          0x00800062        0x0 /usr/local/CrossPack-AVR-20100115/lib/gcc/avr/4.3.3/avr4/libgcc.a(_udivmodqi4.o)
 .data          0x00800062        0x0 /usr/local/CrossPack-AVR-20100115/lib/gcc/avr/4.3.3/avr4/libgcc.a(_divmodhi4.o)
 .data          0x00800062        0x0 /usr/local/CrossPack-AVR-20100115/lib/gcc/avr/4.3.3/avr4/libgcc.a(_prologue.o)
 .data          0x00800062        0x0 /usr/local/CrossPack-AVR-20100115/lib/gcc/avr/4.3.3/avr4/libgcc.a(_epilogue.o)
 .data          0x00800062        0x0 /usr/local/CrossPack-AVR-20100115/lib/gcc/avr/4.3.3/avr4/libgcc.a(_exit.o)
 .data          0x00800062        0x0 /usr/local/CrossPack-AVR-20100115/lib/gcc/avr/4.3.3/avr4/libgcc.a(_copy_data.o)
 .data          0x00800062        0x0 /usr/local/CrossPack-AVR-20100115/lib/gcc/avr/4.3.3/avr4/libgcc.a(_clear_bss.o)
 .data          0x00800062        0x0 /usr/local/CrossPack-AVR-20100115/lib/gcc/avr/4.3.3/avr4/libgcc.a(_udivmodhi4.o)
 *(.data*)
 *(.rodata)
 *(.rodata*)
 *(.gnu.linkonce.d*)
                0x00800062                . = ALIGN (0x2)
                0x00800062                _edata = .
                0x00800062                PROVIDE (__data_end, .)

.bss            0x00800062      0x18c
                0x00800062                PROVIDE (__bss_start, .)
 *(.bss)
 .bss           0x00800062        0x0 /usr/local/CrossPack-AVR-20100115/lib/gcc/avr/4.3.3/../../../../avr/lib/avr4/crtm8.o
 .bss           0x00800062        0x0 pedro.o
 .bss           0x00800062        0x0 /usr/local/CrossPack-AVR-20100115/lib/gcc/avr/4.3.3/avr4/libgcc.a(_udivmodqi4.o)
 .bss           0x00800062        0x0 /usr/local/CrossPack-AVR-20100115/lib/gcc/avr/4.3.3/avr4/libgcc.a(_divmodhi4.o)
 .bss           0x00800062        0x0 /usr/local/CrossPack-AVR-20100115/lib/gcc/avr/4.3.3/avr4/libgcc.a(_prologue.o)
 .bss           0x00800062        0x0 /usr/local/CrossPack-AVR-20100115/lib/gcc/avr/4.3.3/avr4/libgcc.a(_epilogue.o)
 .bss           0x00800062        0x0 /usr/local/CrossPack-AVR-20100115/lib/gcc/avr/4.3.3/avr4/libgcc.a(_exit.o)
 .bss           0x00800062        0x0 /usr/local/CrossPack-AVR-20100115/lib/gcc/avr/4.3.3/avr4/libgcc.a(_copy_data.o)
 .bss           0x00800062        0x0 /usr/local/CrossPack-AVR-20100115/lib/gcc/avr/4.3.3/avr4/libgcc.a(_clear_bss.o)
 .bss           0x00800062        0x0 /usr/local/CrossPack-AVR-20100115/lib/gcc/avr/4.3.3/avr4/libgcc.a(_udivmodhi4.o)
 *(.bss*)
 *(COMMON)
 COMMON         0x00800062      0x18c pedro.o
                0x00800062                rxbc
                0x00800063                LastB
                0x00800067                A
                0x0080006b                pos
                0x0080006f                mmmb
                0x00800070                rxDelayedIndex
                0x00800071                stepCount1
                0x00800072                B
                0x00800076                tail
                0x00800077                head
                0x00800078                currentCommand
                0x0080007d                rxDelayedNoCommands
                0x0080007e                rxDelayedCounter
                0x0080007f                rxBuffer
                0x00800133                count
                0x00800134                delayTime
                0x00800135                stepCount2
                0x00800136                doDelayedBuffer
                0x00800137                rxDelayedBuffer
                0x008001eb                inDelimiter
                0x008001ec                onP
                0x008001ed                nextLineFlag
                0x008001ee                PROVIDE (__bss_end, .)
                0x000009e0                __data_load_start = LOADADDR (.data)
                0x000009e2                __data_load_end = (__data_load_start + SIZEOF (.data))

.noinit         0x008001ee        0x0
                0x008001ee                PROVIDE (__noinit_start, .)
 *(.noinit*)
                0x008001ee                PROVIDE (__noinit_end, .)
                0x008001ee                _end = .
                0x008001ee                PROVIDE (__heap_start, .)

.eeprom         0x00810000        0x0
 *(.eeprom*)
                0x00810000                __eeprom_end = .

.fuse
 *(.fuse)
 *(.lfuse)
 *(.hfuse)
 *(.efuse)

.lock
 *(.lock*)

.signature
 *(.signature*)

.stab           0x00000000      0x6b4
 *(.stab)
 .stab          0x00000000      0x6b4 /usr/local/CrossPack-AVR-20100115/lib/gcc/avr/4.3.3/../../../../avr/lib/avr4/crtm8.o

.stabstr        0x00000000       0x82
 *(.stabstr)
 .stabstr       0x00000000       0x82 /usr/local/CrossPack-AVR-20100115/lib/gcc/avr/4.3.3/../../../../avr/lib/avr4/crtm8.o

.stab.excl
 *(.stab.excl)

.stab.exclstr
 *(.stab.exclstr)

.stab.index
 *(.stab.index)

.stab.indexstr
 *(.stab.indexstr)

.comment
 *(.comment)

.debug
 *(.debug)

.line
 *(.line)

.debug_srcinfo
 *(.debug_srcinfo)

.debug_sfnames
 *(.debug_sfnames)

.debug_aranges  0x00000000       0x20
 *(.debug_aranges)
 .debug_aranges
                0x00000000       0x20 pedro.o

.debug_pubnames
                0x00000000      0x317
 *(.debug_pubnames)
 .debug_pubnames
                0x00000000      0x317 pedro.o

.debug_info     0x00000000      0xf38
 *(.debug_info)
 .debug_info    0x00000000      0xf38 pedro.o
 *(.gnu.linkonce.wi.*)

.debug_abbrev   0x00000000      0x380
 *(.debug_abbrev)
 .debug_abbrev  0x00000000      0x380 pedro.o

.debug_line     0x00000000      0xcad
 *(.debug_line)
 .debug_line    0x00000000      0xcad pedro.o

.debug_frame    0x00000000      0x1f0
 *(.debug_frame)
 .debug_frame   0x00000000      0x1f0 pedro.o

.debug_str      0x00000000      0x41f
 *(.debug_str)
 .debug_str     0x00000000      0x41f pedro.o
                                0x476 (size before relaxing)

.debug_loc      0x00000000      0x5b2
 *(.debug_loc)
 .debug_loc     0x00000000      0x5b2 pedro.o

.debug_macinfo
 *(.debug_macinfo)
OUTPUT(pedro.out elf32-avr)
LOAD linker stubs

.debug_ranges   0x00000000       0x18
 .debug_ranges  0x00000000       0x18 pedro.o
